(TranslationUnit
    (SymbolTable
        1
        {
            __main__:
                (Module
                    (SymbolTable
                        2
                        {
                            Foo:
                                (Struct
                                    (SymbolTable
                                        3
                                        {
                                            p:
                                                (Variable
                                                    3
                                                    p
                                                    []
                                                    Local
                                                    ()
                                                    ()
                                                    Default
                                                    (Integer 4)
                                                    ()
                                                    Source
                                                    Public
                                                    Required
                                                    .false.
                                                    .false.
                                                    .false.
                                                    ()
                                                    .false.
                                                    .false.
                                                )
                                        })
                                    Foo
                                    (StructType
                                        [(Integer 4)]
                                        []
                                        .true.
                                        .false.
                                    )
                                    []
                                    [p]
                                    []
                                    Source
                                    Public
                                    .false.
                                    .false.
                                    [(())]
                                    ()
                                    ()
                                ),
                            f:
                                (Function
                                    (SymbolTable
                                        4
                                        {
                                            w:
                                                (Variable
                                                    4
                                                    w
                                                    []
                                                    Out
                                                    ()
                                                    ()
                                                    Default
                                                    (Array
                                                        (StructType
                                                            [(Integer 4)]
                                                            []
                                                            .true.
                                                            .false.
                                                        )
                                                        [((IntegerConstant 0 (Integer 4) Decimal)
                                                        (IntegerConstant 5 (Integer 4) Decimal))]
                                                        PointerArray
                                                    )
                                                    2 Foo
                                                    Source
                                                    Public
                                                    Required
                                                    .false.
                                                    .false.
                                                    .false.
                                                    ()
                                                    .false.
                                                    .false.
                                                ),
                                            x:
                                                (Variable
                                                    4
                                                    x
                                                    []
                                                    In
                                                    ()
                                                    ()
                                                    Default
                                                    (Integer 4)
                                                    ()
                                                    Source
                                                    Public
                                                    Required
                                                    .false.
                                                    .false.
                                                    .false.
                                                    ()
                                                    .false.
                                                    .false.
                                                ),
                                            y:
                                                (Variable
                                                    4
                                                    y
                                                    []
                                                    In
                                                    ()
                                                    ()
                                                    Default
                                                    (Real 8)
                                                    ()
                                                    Source
                                                    Public
                                                    Required
                                                    .false.
                                                    .false.
                                                    .false.
                                                    ()
                                                    .false.
                                                    .false.
                                                ),
                                            z:
                                                (Variable
                                                    4
                                                    z
                                                    []
                                                    InOut
                                                    ()
                                                    ()
                                                    Default
                                                    (List
                                                        (UnsignedInteger
                                                            4
                                                        )
                                                    )
                                                    ()
                                                    Source
                                                    Public
                                                    Required
                                                    .false.
                                                    .false.
                                                    .false.
                                                    ()
                                                    .false.
                                                    .false.
                                                )
                                        })
                                    f
                                    (FunctionType
                                        [(Integer 4)
                                        (Real 8)
                                        (List
                                            (UnsignedInteger
                                                4
                                            )
                                        )
                                        (Array
                                            (StructType
                                                [(Integer 4)]
                                                []
                                                .true.
                                                .false.
                                            )
                                            [((IntegerConstant 0 (Integer 4) Decimal)
                                            (IntegerConstant 5 (Integer 4) Decimal))]
                                            PointerArray
                                        )]
                                        ()
                                        Source
                                        Implementation
                                        ()
                                        .false.
                                        .false.
                                        .false.
                                        .false.
                                        .false.
                                        []
                                        .false.
                                    )
                                    []
                                    [(Var 4 x)
                                    (Var 4 y)
                                    (Var 4 z)
                                    (Var 4 w)]
                                    []
                                    ()
                                    Public
                                    .false.
                                    .false.
                                    ()
                                )
                        })
                    __main__
                    ()
                    []
                    .false.
                    .false.
                    .false.
                ),
            main_program:
                (Program
                    (SymbolTable
                        6
                        {
                            
                        })
                    main_program
                    []
                    []
                )
        })
    []
)
