(TranslationUnit
    (SymbolTable
        1
        {
            __main__:
                (Module
                    (SymbolTable
                        2
                        {
                            __main__global_stmts:
                                (Function
                                    (SymbolTable
                                        4
                                        {
                                            
                                        })
                                    __main__global_stmts
                                    (FunctionType
                                        []
                                        ()
                                        Source
                                        Implementation
                                        ()
                                        .false.
                                        .false.
                                        .false.
                                        .false.
                                        .false.
                                        []
                                        .false.
                                    )
                                    [testEndSepKeywords]
                                    []
                                    [(SubroutineCall
                                        2 testEndSepKeywords
                                        ()
                                        []
                                        ()
                                    )]
                                    ()
                                    Public
                                    .false.
                                    .false.
                                    ()
                                ),
                            testEndSepKeywords:
                                (Function
                                    (SymbolTable
                                        3
                                        {
                                            
                                        })
                                    testEndSepKeywords
                                    (FunctionType
                                        []
                                        ()
                                        Source
                                        Implementation
                                        ()
                                        .false.
                                        .false.
                                        .false.
                                        .false.
                                        .false.
                                        []
                                        .false.
                                    )
                                    []
                                    []
                                    [(Print
                                        (StringFormat
                                            ()
                                            [(StringConstant
                                                "abc"
                                                (String 1 (IntegerConstant 3 (Integer 4) Decimal) ExpressionLength DescriptorString)
                                            )
                                            (StringConstant
                                                "lmn"
                                                (String 1 (IntegerConstant 3 (Integer 4) Decimal) ExpressionLength DescriptorString)
                                            )
                                            (StringConstant
                                                "pqr"
                                                (String 1 (IntegerConstant 3 (Integer 4) Decimal) ExpressionLength DescriptorString)
                                            )]
                                            FormatPythonFormat
                                            (Allocatable
                                                (String 1 () DeferredLength DescriptorString)
                                            )
                                            ()
                                        )
                                    )
                                    (Print
                                        (StringFormat
                                            ()
                                            [(StringConstant
                                                "abc"
                                                (String 1 (IntegerConstant 3 (Integer 4) Decimal) ExpressionLength DescriptorString)
                                            )
                                            (StringConstant
                                                "lmn"
                                                (String 1 (IntegerConstant 3 (Integer 4) Decimal) ExpressionLength DescriptorString)
                                            )
                                            (StringConstant
                                                "pqr"
                                                (String 1 (IntegerConstant 3 (Integer 4) Decimal) ExpressionLength DescriptorString)
                                            )]
                                            FormatPythonFormat
                                            (Allocatable
                                                (String 1 () DeferredLength DescriptorString)
                                            )
                                            ()
                                        )
                                    )
                                    (Print
                                        (StringFormat
                                            ()
                                            [(StringConstant
                                                "abc"
                                                (String 1 (IntegerConstant 3 (Integer 4) Decimal) ExpressionLength DescriptorString)
                                            )
                                            (StringConstant
                                                "lmn"
                                                (String 1 (IntegerConstant 3 (Integer 4) Decimal) ExpressionLength DescriptorString)
                                            )
                                            (StringConstant
                                                "pqr"
                                                (String 1 (IntegerConstant 3 (Integer 4) Decimal) ExpressionLength DescriptorString)
                                            )]
                                            FormatPythonFormat
                                            (Allocatable
                                                (String 1 () DeferredLength DescriptorString)
                                            )
                                            ()
                                        )
                                    )
                                    (Print
                                        (StringFormat
                                            ()
                                            [(StringConstant
                                                "abc"
                                                (String 1 (IntegerConstant 3 (Integer 4) Decimal) ExpressionLength DescriptorString)
                                            )
                                            (StringConstant
                                                "lmn"
                                                (String 1 (IntegerConstant 3 (Integer 4) Decimal) ExpressionLength DescriptorString)
                                            )
                                            (StringConstant
                                                "pqr"
                                                (String 1 (IntegerConstant 3 (Integer 4) Decimal) ExpressionLength DescriptorString)
                                            )]
                                            FormatPythonFormat
                                            (Allocatable
                                                (String 1 () DeferredLength DescriptorString)
                                            )
                                            ()
                                        )
                                    )]
                                    ()
                                    Public
                                    .false.
                                    .false.
                                    ()
                                )
                        })
                    __main__
                    ()
                    []
                    .false.
                    .false.
                    .false.
                ),
            main_program:
                (Program
                    (SymbolTable
                        5
                        {
                            __main__global_stmts:
                                (ExternalSymbol
                                    5
                                    __main__global_stmts
                                    2 __main__global_stmts
                                    __main__
                                    []
                                    __main__global_stmts
                                    Public
                                )
                        })
                    main_program
                    [__main__]
                    [(SubroutineCall
                        5 __main__global_stmts
                        2 __main__global_stmts
                        []
                        ()
                    )]
                )
        })
    []
)
