(TranslationUnit
    (SymbolTable
        1
        {
            __main__:
                (Module
                    (SymbolTable
                        2
                        {
                            test_namedexpr:
                                (Function
                                    (SymbolTable
                                        3
                                        {
                                            a:
                                                (Variable
                                                    3
                                                    a
                                                    []
                                                    Local
                                                    ()
                                                    ()
                                                    Default
                                                    (Integer 4)
                                                    ()
                                                    Source
                                                    Public
                                                    Required
                                                    .false.
                                                    .false.
                                                    .false.
                                                    ()
                                                    .false.
                                                    .false.
                                                ),
                                            x:
                                                (Variable
                                                    3
                                                    x
                                                    []
                                                    Local
                                                    ()
                                                    ()
                                                    Default
                                                    (Integer 4)
                                                    ()
                                                    Source
                                                    Public
                                                    Required
                                                    .false.
                                                    .false.
                                                    .false.
                                                    ()
                                                    .false.
                                                    .false.
                                                ),
                                            y:
                                                (Variable
                                                    3
                                                    y
                                                    []
                                                    Local
                                                    ()
                                                    ()
                                                    Default
                                                    (Integer 4)
                                                    ()
                                                    Source
                                                    Public
                                                    Required
                                                    .false.
                                                    .false.
                                                    .false.
                                                    ()
                                                    .false.
                                                    .false.
                                                )
                                        })
                                    test_namedexpr
                                    (FunctionType
                                        []
                                        ()
                                        Source
                                        Implementation
                                        ()
                                        .false.
                                        .false.
                                        .false.
                                        .false.
                                        .false.
                                        []
                                        .false.
                                    )
                                    []
                                    []
                                    [(Assignment
                                        (Var 3 x)
                                        (NamedExpr
                                            (Var 3 y)
                                            (IntegerConstant 0 (Integer 4) Decimal)
                                            (Integer 4)
                                        )
                                        ()
                                        .false.
                                        .false.
                                    )
                                    (If
                                        ()
                                        (NamedExpr
                                            (Var 3 a)
                                            (StringOrd
                                                (StringConstant
                                                    "3"
                                                    (String 1 (IntegerConstant 1 (Integer 4) Decimal) ExpressionLength DescriptorString)
                                                )
                                                (Integer 4)
                                                (IntegerConstant 51 (Integer 4) Decimal)
                                            )
                                            (Integer 4)
                                        )
                                        [(Assignment
                                            (Var 3 x)
                                            (IntegerConstant 1 (Integer 4) Decimal)
                                            ()
                                            .false.
                                            .false.
                                        )]
                                        []
                                    )
                                    (WhileLoop
                                        ()
                                        (NamedExpr
                                            (Var 3 a)
                                            (IntegerConstant 1 (Integer 4) Decimal)
                                            (Integer 4)
                                        )
                                        [(Assignment
                                            (Var 3 y)
                                            (IntegerConstant 1 (Integer 4) Decimal)
                                            ()
                                            .false.
                                            .false.
                                        )]
                                        []
                                    )]
                                    ()
                                    Public
                                    .false.
                                    .false.
                                    ()
                                )
                        })
                    __main__
                    ()
                    []
                    .false.
                    .false.
                    .false.
                ),
            main_program:
                (Program
                    (SymbolTable
                        4
                        {
                            
                        })
                    main_program
                    []
                    []
                )
        })
    []
)
