semantic error: Unary operator '-' not supported for type derived type
 --> tests/errors/test_operator_01.py:9:11
  |
9 |     print(-a)
  |           ^^ 
