Traceback (most recent call last):
[2m  File "[0m[1m[35m$DIR/lpython.cpp[39m[0m[2m", line 2135[0m
[2m  File "[0m[1m[35m$DIR/lpython.cpp[39m[0m[2m", line 216[0m
[2m  File "[0m[1m[35m$DIR/semantics/python_ast_to_asr.cpp[39m[0m[2m", line 9165[0m
[2m  File "[0m[1m[35m$DIR/semantics/python_ast_to_asr.cpp[39m[0m[2m", line 9097[0m
[2m  File "[0m[1m[35m$DIR/semantics/python_ast_to_asr.cpp[39m[0m[2m", line 5195[0m
[2m  File "[0m[1m[35m$DIR/python_ast.h[39m[0m[2m", line 1909[0m
[2m  File "[0m[1m[35m$DIR/python_ast.h[39m[0m[2m", line 1776[0m
[2m  File "[0m[1m[35m$DIR/semantics/python_ast_to_asr.cpp[39m[0m[2m", line 5385[0m
[2m  File "[0m[1m[35m$DIR/semantics/python_ast_to_asr.cpp[39m[0m[2m", line 5361[0m
[2m  File "[0m[1m[35m$DIR/semantics/python_ast_to_asr.cpp[39m[0m[2m", line 5149[0m
[2m  File "[0m[1m[35m$DIR/python_ast.h[39m[0m[2m", line 1909[0m
[2m  File "[0m[1m[35m$DIR/python_ast.h[39m[0m[2m", line 1782[0m
[2m  File "[0m[1m[35m$DIR/semantics/python_ast_to_asr.cpp[39m[0m[2m", line 5457[0m
[2m  File "[0m[1m[35m$DIR/semantics/python_ast_to_asr.cpp[39m[0m[2m", line 2896[0m
[2m  File "[0m[1m[35m$DIR/python_ast.h[39m[0m[2m", line 1936[0m
[2m  File "[0m[1m[35m$DIR/python_ast.h[39m[0m[2m", line 1825[0m
[2m  File "[0m[1m[35m$DIR/semantics/python_ast_to_asr.cpp[39m[0m[2m", line 9080[0m
[2m  File "[0m[1m[35m$DIR/semantics/python_ast_to_asr.cpp[39m[0m[2m", line 1335[0m
[2m  File "[0m[1m[35m$DIR/libasr/src/libasr/asr_utils.h[39m[0m[2m", line 4245[0m
    return types_equal(x, y, x_expr, y_expr, check_for_dimensions);
[2m  File "[0m[1m[35m$DIR/libasr/src/libasr/asr_utils.h[39m[0m[2m", line 3959[0m
    ASRUtils::get_struct_sym_from_struct_expr(a_expr)));
[2m  File "[0m[1m[35m$DIR/libasr/src/libasr/asr_utils.h[39m[0m[2m", line 3959[0m
    ASRUtils::get_struct_sym_from_struct_expr(a_expr)));
[2m  Binary file "[0m[1m[35m/usr/lib/system/libsystem_platform.dylib[39m[0m[2m", local address: 0x1804ac623[0m
Segfault: Signal SIGSEGV (segmentation fault) received
