; ModuleID = 'LFortran'
source_filename = "LFortran"

%string_descriptor = type <{ i8*, i64 }>

@0 = private unnamed_addr constant [2 x i8] c"\0A\00", align 1
@serialization_info = private unnamed_addr constant [3 x i8] c"I4\00", align 1
@1 = private unnamed_addr constant [5 x i8] c"%s%s\00", align 1

define void @__module___main_____main__global_stmts() {
.entry:
  call void @__module___main___main0()
  br label %return

return:                                           ; preds = %.entry
  ret void
}

define void @__module___main___main0() {
.entry:
  %x = alloca i32, align 4
  %x2 = alloca i64, align 8
  %y = alloca float, align 4
  %y2 = alloca double, align 8
  store i32 25, i32* %x, align 4
  %0 = call i8* (i8*, i64, i8*, i32, i32, ...) @_lcompilers_string_format_fortran(i8* null, i64 0, i8* getelementptr inbounds ([3 x i8], [3 x i8]* @serialization_info, i32 0, i32 0), i32 0, i32 0, i32* %x)
  %1 = call i64 @_lfortran_str_len(i8* %0)
  %2 = call i8* @_lfortran_malloc(i64 16)
  %stringFormat_desc = bitcast i8* %2 to %string_descriptor*
  %3 = getelementptr %string_descriptor, %string_descriptor* %stringFormat_desc, i32 0, i32 0
  store i8* %0, i8** %3, align 8
  %4 = getelementptr %string_descriptor, %string_descriptor* %stringFormat_desc, i32 0, i32 1
  store i64 %1, i64* %4, align 4
  %5 = getelementptr %string_descriptor, %string_descriptor* %stringFormat_desc, i32 0, i32 0
  %6 = load i8*, i8** %5, align 8
  call void (i8*, ...) @_lfortran_printf(i8* getelementptr inbounds ([5 x i8], [5 x i8]* @1, i32 0, i32 0), i8* %6, i8* getelementptr inbounds ([2 x i8], [2 x i8]* @0, i32 0, i32 0))
  br label %return

return:                                           ; preds = %.entry
  ret void
}

declare i8* @_lcompilers_string_format_fortran(i8*, i64, i8*, i32, i32, ...)

declare i64 @_lfortran_str_len(i8*)

declare i8* @_lfortran_malloc(i64)

declare void @_lfortran_printf(i8*, ...)

define i32 @main(i32 %0, i8** %1) {
.entry:
  call void @_lpython_call_initial_functions(i32 %0, i8** %1)
  call void @__module___main_____main__global_stmts()
  call void @_lpython_free_argv()
  br label %return

return:                                           ; preds = %.entry
  ret i32 0
}

declare void @_lpython_call_initial_functions(i32, i8**)

declare void @_lpython_free_argv()
